// Jest Snapshot v1, https://goo.gl/fbAQLP

exports[`Button Component matches snapshot 1`] = `
<div
  class=""
>
  <button
    class="inline-flex items-center justify-center text-sm font-medium transition-colors focus-visible:outline-none focus-visible:ring-1 focus-visible:ring-ring disabled:pointer-events-none disabled:opacity-50 bg-primary text-primary-foreground hover:bg-primary/90 h-9 px-4 py-2 rounded-md"
  >
    Snapshot Test
  </button>
</div>
`;
