// Jest Snapshot v1, https://goo.gl/fbAQLP

exports[`RootErrorBoundary matches error snapshot 1`] = `
<div>
  <div
    class="min-h-screen flex flex-col items-center justify-center bg-background p-4"
  >
    <div
      class="w-full max-w-md p-6 rounded-lg shadow-lg bg-card border border-border"
    >
      <div
        class="flex items-center justify-center mb-6 text-red-500"
      >
        <svg
          aria-hidden="true"
          class="h-12 w-12"
          data-slot="icon"
          fill="none"
          height="24"
          stroke="currentColor"
          stroke-width="1.5"
          viewBox="0 0 24 24"
          width="24"
          xmlns="http://www.w3.org/2000/svg"
        >
          <path
            d="m9.75 9.75 4.5 4.5m0-4.5-4.5 4.5M21 12a9 9 0 1 1-18 0 9 9 0 0 1 18 0Z"
            stroke-linecap="round"
            stroke-linejoin="round"
          />
        </svg>
      </div>
      <h1
        class="text-2xl font-bold text-foreground mb-2"
      >
        Oops, something went wrong
      </h1>
      <p
        class="text-muted-foreground mb-6"
      >
        We're sorry, but we encountered an unexpected error. Please try refreshing the page or go back to the homepage.
      </p>
      <div
        class="space-y-4"
      >
        <button
          class="w-full py-2 px-4 bg-primary text-primary-foreground rounded hover:bg-primary/90 transition-colors"
        >
          Refresh page
        </button>
        <a
          class="block w-full py-2 px-4 bg-secondary text-secondary-foreground rounded hover:bg-secondary/90 transition-colors text-center"
          href="/"
        >
          Go to homepage
        </a>
      </div>
    </div>
  </div>
</div>
`;

exports[`RootErrorBoundary matches normal snapshot 1`] = `
<div>
  <div>
    Normal content
  </div>
</div>
`;
